[INFO] Scanning for projects...
[INFO] 
[INFO] ------------------------< com.backend:backend >-------------------------
[INFO] Building backend 0.0.1-SNAPSHOT
[INFO]   from pom.xml
[INFO] --------------------------------[ jar ]---------------------------------
[INFO] 
[INFO] --- clean:3.5.0:clean (default-clean) @ backend ---
[INFO] Deleting E:\SchoolManagementSystem\backend\target
[INFO] 
[INFO] --- resources:3.3.1:resources (default-resources) @ backend ---
[INFO] Copying 1 resource from src\main\resources to target\classes
[INFO] Copying 0 resource from src\main\resources to target\classes
[INFO] 
[INFO] --- compiler:3.14.1:compile (default-compile) @ backend ---
[INFO] Recompiling the module because of changed source code.
[INFO] Compiling 30 source files with javac [debug parameters release 21] to target\classes
[INFO] -------------------------------------------------------------
[ERROR] COMPILATION ERROR : 
[INFO] -------------------------------------------------------------
[ERROR] /E:/SchoolManagementSystem/backend/src/main/java/com/backend/backend/controller/AttendanceController.java:[3,8] class AttendanceControler is public, should be declared in a file named AttendanceControler.java
[ERROR] /E:/SchoolManagementSystem/backend/src/main/java/com/backend/backend/controller/AttendanceController.java:[2,2] cannot find symbol
  symbol: class RestController
[ERROR] /E:/SchoolManagementSystem/backend/src/main/java/com/backend/backend/controller/AttendanceController.java:[6,13] cannot find symbol
  symbol:   class AttendanceService
  location: class AttendanceControler
[ERROR] /E:/SchoolManagementSystem/backend/src/main/java/com/backend/backend/controller/AttendanceController.java:[10,12] cannot find symbol
  symbol:   class Attendance
  location: class AttendanceControler
[ERROR] /E:/SchoolManagementSystem/backend/src/main/java/com/backend/backend/controller/AttendanceController.java:[16,12] cannot find symbol
  symbol:   class List
  location: class AttendanceControler
[ERROR] /E:/SchoolManagementSystem/backend/src/main/java/com/backend/backend/controller/AttendanceController.java:[16,17] cannot find symbol
  symbol:   class Attendance
  location: class AttendanceControler
[ERROR] /E:/SchoolManagementSystem/backend/src/main/java/com/backend/backend/controller/AttendanceController.java:[22,53] cannot find symbol
  symbol:   class Attendance
  location: class AttendanceControler
[ERROR] /E:/SchoolManagementSystem/backend/src/main/java/com/backend/backend/controller/AttendanceController.java:[22,12] cannot find symbol
  symbol:   class Attendance
  location: class AttendanceControler
[ERROR] /E:/SchoolManagementSystem/backend/src/main/java/com/backend/backend/controller/AttendanceController.java:[28,76] cannot find symbol
  symbol:   class Attendance
  location: class AttendanceControler
[ERROR] /E:/SchoolManagementSystem/backend/src/main/java/com/backend/backend/controller/AttendanceController.java:[28,12] cannot find symbol
  symbol:   class Attendance
  location: class AttendanceControler
[ERROR] /E:/SchoolManagementSystem/backend/src/main/java/com/backend/backend/controller/AttendanceController.java:[5,6] cannot find symbol
  symbol:   class Autowired
  location: class AttendanceControler
[ERROR] /E:/SchoolManagementSystem/backend/src/main/java/com/backend/backend/controller/AttendanceController.java:[10,42] cannot find symbol
  symbol:   class PathVariable
  location: class AttendanceControler
[ERROR] /E:/SchoolManagementSystem/backend/src/main/java/com/backend/backend/controller/AttendanceController.java:[9,6] cannot find symbol
  symbol:   class GetMapping
  location: class AttendanceControler
[ERROR] /E:/SchoolManagementSystem/backend/src/main/java/com/backend/backend/controller/AttendanceController.java:[15,6] cannot find symbol
  symbol:   class GetMapping
  location: class AttendanceControler
[ERROR] /E:/SchoolManagementSystem/backend/src/main/java/com/backend/backend/controller/AttendanceController.java:[22,41] cannot find symbol
  symbol:   class RequestBody
  location: class AttendanceControler
[ERROR] /E:/SchoolManagementSystem/backend/src/main/java/com/backend/backend/controller/AttendanceController.java:[21,6] cannot find symbol
  symbol:   class PostMapping
  location: class AttendanceControler
[ERROR] /E:/SchoolManagementSystem/backend/src/main/java/com/backend/backend/controller/AttendanceController.java:[28,41] cannot find symbol
  symbol:   class PathVariable
  location: class AttendanceControler
[ERROR] /E:/SchoolManagementSystem/backend/src/main/java/com/backend/backend/controller/AttendanceController.java:[28,64] cannot find symbol
  symbol:   class RequestBody
  location: class AttendanceControler
[ERROR] /E:/SchoolManagementSystem/backend/src/main/java/com/backend/backend/controller/AttendanceController.java:[27,6] cannot find symbol
  symbol:   class PutMapping
  location: class AttendanceControler
[ERROR] /E:/SchoolManagementSystem/backend/src/main/java/com/backend/backend/controller/AttendanceController.java:[34,35] cannot find symbol
  symbol:   class PathVariable
  location: class AttendanceControler
[ERROR] /E:/SchoolManagementSystem/backend/src/main/java/com/backend/backend/controller/AttendanceController.java:[33,6] cannot find symbol
  symbol:   class DeleteMapping
  location: class AttendanceControler
[ERROR] /E:/SchoolManagementSystem/backend/src/main/java/com/backend/backend/services/SchoolClassService.java:[35,64] cannot find symbol
  symbol:   method getClassName()
  location: variable updatedSchoolClass of type com.backend.backend.entity.SchoolClass
[ERROR] /E:/SchoolManagementSystem/backend/src/main/java/com/backend/backend/services/SchoolClassService.java:[36,62] cannot find symbol
  symbol:   method getSection()
  location: variable updatedSchoolClass of type com.backend.backend.entity.SchoolClass
[ERROR] /E:/SchoolManagementSystem/backend/src/main/java/com/backend/backend/services/SchoolClassService.java:[37,67] cannot find symbol
  symbol:   method getClassTeacher()
  location: variable updatedSchoolClass of type com.backend.backend.entity.SchoolClass
[ERROR] /E:/SchoolManagementSystem/backend/src/main/java/com/backend/backend/services/StudentService.java:[35,57] cannot find symbol
  symbol:   method getRollNumber()
  location: variable updatedStudent of type com.backend.backend.entity.Student
[ERROR] /E:/SchoolManagementSystem/backend/src/main/java/com/backend/backend/services/StudentService.java:[36,56] cannot find symbol
  symbol:   method getFirstName()
  location: variable updatedStudent of type com.backend.backend.entity.Student
[ERROR] /E:/SchoolManagementSystem/backend/src/main/java/com/backend/backend/services/StudentService.java:[37,55] cannot find symbol
  symbol:   method getLastName()
  location: variable updatedStudent of type com.backend.backend.entity.Student
[ERROR] /E:/SchoolManagementSystem/backend/src/main/java/com/backend/backend/services/StudentService.java:[38,53] cannot find symbol
  symbol:   method getGender()
  location: variable updatedStudent of type com.backend.backend.entity.Student
[ERROR] /E:/SchoolManagementSystem/backend/src/main/java/com/backend/backend/services/StudentService.java:[39,58] cannot find symbol
  symbol:   method getDateOfBirth()
  location: variable updatedStudent of type com.backend.backend.entity.Student
[ERROR] /E:/SchoolManagementSystem/backend/src/main/java/com/backend/backend/services/StudentService.java:[40,52] cannot find symbol
  symbol:   method getPhone()
  location: variable updatedStudent of type com.backend.backend.entity.Student
[ERROR] /E:/SchoolManagementSystem/backend/src/main/java/com/backend/backend/services/StudentService.java:[41,54] cannot find symbol
  symbol:   method getAddress()
  location: variable updatedStudent of type com.backend.backend.entity.Student
[ERROR] /E:/SchoolManagementSystem/backend/src/main/java/com/backend/backend/services/StudentService.java:[42,58] cannot find symbol
  symbol:   method getSchoolClass()
  location: variable updatedStudent of type com.backend.backend.entity.Student
[ERROR] /E:/SchoolManagementSystem/backend/src/main/java/com/backend/backend/services/StudentService.java:[43,60] cannot find symbol
  symbol:   method getAdmissionDate()
  location: variable updatedStudent of type com.backend.backend.entity.Student
[ERROR] /E:/SchoolManagementSystem/backend/src/main/java/com/backend/backend/services/SubjectService.java:[35,58] cannot find symbol
  symbol:   method getSubjectName()
  location: variable updatedSubject of type com.backend.backend.entity.Subject
[ERROR] /E:/SchoolManagementSystem/backend/src/main/java/com/backend/backend/services/SubjectService.java:[36,58] cannot find symbol
  symbol:   method getSubjectCode()
  location: variable updatedSubject of type com.backend.backend.entity.Subject
[ERROR] /E:/SchoolManagementSystem/backend/src/main/java/com/backend/backend/services/TeacherService.java:[35,57] cannot find symbol
  symbol:   method getEmployeeId()
  location: variable updatedTeacher of type com.backend.backend.entity.Teacher
[ERROR] /E:/SchoolManagementSystem/backend/src/main/java/com/backend/backend/services/TeacherService.java:[36,56] cannot find symbol
  symbol:   method getFirstName()
  location: variable updatedTeacher of type com.backend.backend.entity.Teacher
[ERROR] /E:/SchoolManagementSystem/backend/src/main/java/com/backend/backend/services/TeacherService.java:[37,55] cannot find symbol
  symbol:   method getLastName()
  location: variable updatedTeacher of type com.backend.backend.entity.Teacher
[ERROR] /E:/SchoolManagementSystem/backend/src/main/java/com/backend/backend/services/TeacherService.java:[38,60] cannot find symbol
  symbol:   method getQualification()
  location: variable updatedTeacher of type com.backend.backend.entity.Teacher
[ERROR] /E:/SchoolManagementSystem/backend/src/main/java/com/backend/backend/services/TeacherService.java:[39,62] cannot find symbol
  symbol:   method getExperienceYears()
  location: variable updatedTeacher of type com.backend.backend.entity.Teacher
[ERROR] /E:/SchoolManagementSystem/backend/src/main/java/com/backend/backend/services/TeacherService.java:[40,52] cannot find symbol
  symbol:   method getPhone()
  location: variable updatedTeacher of type com.backend.backend.entity.Teacher
[ERROR] /E:/SchoolManagementSystem/backend/src/main/java/com/backend/backend/services/TeacherService.java:[41,55] cannot find symbol
  symbol:   method getHireDate()
  location: variable updatedTeacher of type com.backend.backend.entity.Teacher
[ERROR] /E:/SchoolManagementSystem/backend/src/main/java/com/backend/backend/services/TeacherService.java:[42,51] cannot find symbol
  symbol:   method getUser()
  location: variable updatedTeacher of type com.backend.backend.entity.Teacher
[ERROR] /E:/SchoolManagementSystem/backend/src/main/java/com/backend/backend/services/UserService.java:[35,46] cannot find symbol
  symbol:   method getEmail()
  location: variable updatedUser of type com.backend.backend.entity.User
[ERROR] /E:/SchoolManagementSystem/backend/src/main/java/com/backend/backend/services/UserService.java:[36,45] cannot find symbol
  symbol:   method getRole()
  location: variable updatedUser of type com.backend.backend.entity.User
[ERROR] /E:/SchoolManagementSystem/backend/src/main/java/com/backend/backend/services/UserService.java:[37,49] cannot find symbol
  symbol:   method getIsActive()
  location: variable updatedUser of type com.backend.backend.entity.User
[ERROR] /E:/SchoolManagementSystem/backend/src/main/java/com/backend/backend/services/UserService.java:[38,49] cannot find symbol
  symbol:   method getUsername()
  location: variable updatedUser of type com.backend.backend.entity.User
[ERROR] /E:/SchoolManagementSystem/backend/src/main/java/com/backend/backend/services/UserService.java:[39,53] cannot find symbol
  symbol:   method getMobileNumber()
  location: variable updatedUser of type com.backend.backend.entity.User
[ERROR] /E:/SchoolManagementSystem/backend/src/main/java/com/backend/backend/services/AttendanceService.java:[35,57] cannot find symbol
  symbol:   method getDate()
  location: variable updatedAttendance of type com.backend.backend.entity.Attendance
[ERROR] /E:/SchoolManagementSystem/backend/src/main/java/com/backend/backend/services/AttendanceService.java:[36,59] cannot find symbol
  symbol:   method getStatus()
  location: variable updatedAttendance of type com.backend.backend.entity.Attendance
[ERROR] /E:/SchoolManagementSystem/backend/src/main/java/com/backend/backend/services/AttendanceService.java:[37,60] cannot find symbol
  symbol:   method getStudent()
  location: variable updatedAttendance of type com.backend.backend.entity.Attendance
[INFO] 51 errors 
[INFO] -------------------------------------------------------------
[INFO] ------------------------------------------------------------------------
[INFO] BUILD FAILURE
[INFO] ------------------------------------------------------------------------
[INFO] Total time:  1.975 s
[INFO] Finished at: 2026-05-22T21:24:44+05:30
[INFO] ------------------------------------------------------------------------
[ERROR] Failed to execute goal org.apache.maven.plugins:maven-compiler-plugin:3.14.1:compile (default-compile) on project backend: Compilation failure: Compilation failure: 
[ERROR] /E:/SchoolManagementSystem/backend/src/main/java/com/backend/backend/controller/AttendanceController.java:[3,8] class AttendanceControler is public, should be declared in a file named AttendanceControler.java
[ERROR] /E:/SchoolManagementSystem/backend/src/main/java/com/backend/backend/controller/AttendanceController.java:[2,2] cannot find symbol
[ERROR]   symbol: class RestController
[ERROR] /E:/SchoolManagementSystem/backend/src/main/java/com/backend/backend/controller/AttendanceController.java:[6,13] cannot find symbol
[ERROR]   symbol:   class AttendanceService
[ERROR]   location: class AttendanceControler
[ERROR] /E:/SchoolManagementSystem/backend/src/main/java/com/backend/backend/controller/AttendanceController.java:[10,12] cannot find symbol
[ERROR]   symbol:   class Attendance
[ERROR]   location: class AttendanceControler
[ERROR] /E:/SchoolManagementSystem/backend/src/main/java/com/backend/backend/controller/AttendanceController.java:[16,12] cannot find symbol
[ERROR]   symbol:   class List
[ERROR]   location: class AttendanceControler
[ERROR] /E:/SchoolManagementSystem/backend/src/main/java/com/backend/backend/controller/AttendanceController.java:[16,17] cannot find symbol
[ERROR]   symbol:   class Attendance
[ERROR]   location: class AttendanceControler
[ERROR] /E:/SchoolManagementSystem/backend/src/main/java/com/backend/backend/controller/AttendanceController.java:[22,53] cannot find symbol
[ERROR]   symbol:   class Attendance
[ERROR]   location: class AttendanceControler
[ERROR] /E:/SchoolManagementSystem/backend/src/main/java/com/backend/backend/controller/AttendanceController.java:[22,12] cannot find symbol
[ERROR]   symbol:   class Attendance
[ERROR]   location: class AttendanceControler
[ERROR] /E:/SchoolManagementSystem/backend/src/main/java/com/backend/backend/controller/AttendanceController.java:[28,76] cannot find symbol
[ERROR]   symbol:   class Attendance
[ERROR]   location: class AttendanceControler
[ERROR] /E:/SchoolManagementSystem/backend/src/main/java/com/backend/backend/controller/AttendanceController.java:[28,12] cannot find symbol
[ERROR]   symbol:   class Attendance
[ERROR]   location: class AttendanceControler
[ERROR] /E:/SchoolManagementSystem/backend/src/main/java/com/backend/backend/controller/AttendanceController.java:[5,6] cannot find symbol
[ERROR]   symbol:   class Autowired
[ERROR]   location: class AttendanceControler
[ERROR] /E:/SchoolManagementSystem/backend/src/main/java/com/backend/backend/controller/AttendanceController.java:[10,42] cannot find symbol
[ERROR]   symbol:   class PathVariable
[ERROR]   location: class AttendanceControler
[ERROR] /E:/SchoolManagementSystem/backend/src/main/java/com/backend/backend/controller/AttendanceController.java:[9,6] cannot find symbol
[ERROR]   symbol:   class GetMapping
[ERROR]   location: class AttendanceControler
[ERROR] /E:/SchoolManagementSystem/backend/src/main/java/com/backend/backend/controller/AttendanceController.java:[15,6] cannot find symbol
[ERROR]   symbol:   class GetMapping
[ERROR]   location: class AttendanceControler
[ERROR] /E:/SchoolManagementSystem/backend/src/main/java/com/backend/backend/controller/AttendanceController.java:[22,41] cannot find symbol
[ERROR]   symbol:   class RequestBody
[ERROR]   location: class AttendanceControler
[ERROR] /E:/SchoolManagementSystem/backend/src/main/java/com/backend/backend/controller/AttendanceController.java:[21,6] cannot find symbol
[ERROR]   symbol:   class PostMapping
[ERROR]   location: class AttendanceControler
[ERROR] /E:/SchoolManagementSystem/backend/src/main/java/com/backend/backend/controller/AttendanceController.java:[28,41] cannot find symbol
[ERROR]   symbol:   class PathVariable
[ERROR]   location: class AttendanceControler
[ERROR] /E:/SchoolManagementSystem/backend/src/main/java/com/backend/backend/controller/AttendanceController.java:[28,64] cannot find symbol
[ERROR]   symbol:   class RequestBody
[ERROR]   location: class AttendanceControler
[ERROR] /E:/SchoolManagementSystem/backend/src/main/java/com/backend/backend/controller/AttendanceController.java:[27,6] cannot find symbol
[ERROR]   symbol:   class PutMapping
[ERROR]   location: class AttendanceControler
[ERROR] /E:/SchoolManagementSystem/backend/src/main/java/com/backend/backend/controller/AttendanceController.java:[34,35] cannot find symbol
[ERROR]   symbol:   class PathVariable
[ERROR]   location: class AttendanceControler
[ERROR] /E:/SchoolManagementSystem/backend/src/main/java/com/backend/backend/controller/AttendanceController.java:[33,6] cannot find symbol
[ERROR]   symbol:   class DeleteMapping
[ERROR]   location: class AttendanceControler
[ERROR] /E:/SchoolManagementSystem/backend/src/main/java/com/backend/backend/services/SchoolClassService.java:[35,64] cannot find symbol
[ERROR]   symbol:   method getClassName()
[ERROR]   location: variable updatedSchoolClass of type com.backend.backend.entity.SchoolClass
[ERROR] /E:/SchoolManagementSystem/backend/src/main/java/com/backend/backend/services/SchoolClassService.java:[36,62] cannot find symbol
[ERROR]   symbol:   method getSection()
[ERROR]   location: variable updatedSchoolClass of type com.backend.backend.entity.SchoolClass
[ERROR] /E:/SchoolManagementSystem/backend/src/main/java/com/backend/backend/services/SchoolClassService.java:[37,67] cannot find symbol
[ERROR]   symbol:   method getClassTeacher()
[ERROR]   location: variable updatedSchoolClass of type com.backend.backend.entity.SchoolClass
[ERROR] /E:/SchoolManagementSystem/backend/src/main/java/com/backend/backend/services/StudentService.java:[35,57] cannot find symbol
[ERROR]   symbol:   method getRollNumber()
[ERROR]   location: variable updatedStudent of type com.backend.backend.entity.Student
[ERROR] /E:/SchoolManagementSystem/backend/src/main/java/com/backend/backend/services/StudentService.java:[36,56] cannot find symbol
[ERROR]   symbol:   method getFirstName()
[ERROR]   location: variable updatedStudent of type com.backend.backend.entity.Student
[ERROR] /E:/SchoolManagementSystem/backend/src/main/java/com/backend/backend/services/StudentService.java:[37,55] cannot find symbol
[ERROR]   symbol:   method getLastName()
[ERROR]   location: variable updatedStudent of type com.backend.backend.entity.Student
[ERROR] /E:/SchoolManagementSystem/backend/src/main/java/com/backend/backend/services/StudentService.java:[38,53] cannot find symbol
[ERROR]   symbol:   method getGender()
[ERROR]   location: variable updatedStudent of type com.backend.backend.entity.Student
[ERROR] /E:/SchoolManagementSystem/backend/src/main/java/com/backend/backend/services/StudentService.java:[39,58] cannot find symbol
[ERROR]   symbol:   method getDateOfBirth()
[ERROR]   location: variable updatedStudent of type com.backend.backend.entity.Student
[ERROR] /E:/SchoolManagementSystem/backend/src/main/java/com/backend/backend/services/StudentService.java:[40,52] cannot find symbol
[ERROR]   symbol:   method getPhone()
[ERROR]   location: variable updatedStudent of type com.backend.backend.entity.Student
[ERROR] /E:/SchoolManagementSystem/backend/src/main/java/com/backend/backend/services/StudentService.java:[41,54] cannot find symbol
[ERROR]   symbol:   method getAddress()
[ERROR]   location: variable updatedStudent of type com.backend.backend.entity.Student
[ERROR] /E:/SchoolManagementSystem/backend/src/main/java/com/backend/backend/services/StudentService.java:[42,58] cannot find symbol
[ERROR]   symbol:   method getSchoolClass()
[ERROR]   location: variable updatedStudent of type com.backend.backend.entity.Student
[ERROR] /E:/SchoolManagementSystem/backend/src/main/java/com/backend/backend/services/StudentService.java:[43,60] cannot find symbol
[ERROR]   symbol:   method getAdmissionDate()
[ERROR]   location: variable updatedStudent of type com.backend.backend.entity.Student
[ERROR] /E:/SchoolManagementSystem/backend/src/main/java/com/backend/backend/services/SubjectService.java:[35,58] cannot find symbol
[ERROR]   symbol:   method getSubjectName()
[ERROR]   location: variable updatedSubject of type com.backend.backend.entity.Subject
[ERROR] /E:/SchoolManagementSystem/backend/src/main/java/com/backend/backend/services/SubjectService.java:[36,58] cannot find symbol
[ERROR]   symbol:   method getSubjectCode()
[ERROR]   location: variable updatedSubject of type com.backend.backend.entity.Subject
[ERROR] /E:/SchoolManagementSystem/backend/src/main/java/com/backend/backend/services/TeacherService.java:[35,57] cannot find symbol
[ERROR]   symbol:   method getEmployeeId()
[ERROR]   location: variable updatedTeacher of type com.backend.backend.entity.Teacher
[ERROR] /E:/SchoolManagementSystem/backend/src/main/java/com/backend/backend/services/TeacherService.java:[36,56] cannot find symbol
[ERROR]   symbol:   method getFirstName()
[ERROR]   location: variable updatedTeacher of type com.backend.backend.entity.Teacher
[ERROR] /E:/SchoolManagementSystem/backend/src/main/java/com/backend/backend/services/TeacherService.java:[37,55] cannot find symbol
[ERROR]   symbol:   method getLastName()
[ERROR]   location: variable updatedTeacher of type com.backend.backend.entity.Teacher
[ERROR] /E:/SchoolManagementSystem/backend/src/main/java/com/backend/backend/services/TeacherService.java:[38,60] cannot find symbol
[ERROR]   symbol:   method getQualification()
[ERROR]   location: variable updatedTeacher of type com.backend.backend.entity.Teacher
[ERROR] /E:/SchoolManagementSystem/backend/src/main/java/com/backend/backend/services/TeacherService.java:[39,62] cannot find symbol
[ERROR]   symbol:   method getExperienceYears()
[ERROR]   location: variable updatedTeacher of type com.backend.backend.entity.Teacher
[ERROR] /E:/SchoolManagementSystem/backend/src/main/java/com/backend/backend/services/TeacherService.java:[40,52] cannot find symbol
[ERROR]   symbol:   method getPhone()
[ERROR]   location: variable updatedTeacher of type com.backend.backend.entity.Teacher
[ERROR] /E:/SchoolManagementSystem/backend/src/main/java/com/backend/backend/services/TeacherService.java:[41,55] cannot find symbol
[ERROR]   symbol:   method getHireDate()
[ERROR]   location: variable updatedTeacher of type com.backend.backend.entity.Teacher
[ERROR] /E:/SchoolManagementSystem/backend/src/main/java/com/backend/backend/services/TeacherService.java:[42,51] cannot find symbol
[ERROR]   symbol:   method getUser()
[ERROR]   location: variable updatedTeacher of type com.backend.backend.entity.Teacher
[ERROR] /E:/SchoolManagementSystem/backend/src/main/java/com/backend/backend/services/UserService.java:[35,46] cannot find symbol
[ERROR]   symbol:   method getEmail()
[ERROR]   location: variable updatedUser of type com.backend.backend.entity.User
[ERROR] /E:/SchoolManagementSystem/backend/src/main/java/com/backend/backend/services/UserService.java:[36,45] cannot find symbol
[ERROR]   symbol:   method getRole()
[ERROR]   location: variable updatedUser of type com.backend.backend.entity.User
[ERROR] /E:/SchoolManagementSystem/backend/src/main/java/com/backend/backend/services/UserService.java:[37,49] cannot find symbol
[ERROR]   symbol:   method getIsActive()
[ERROR]   location: variable updatedUser of type com.backend.backend.entity.User
[ERROR] /E:/SchoolManagementSystem/backend/src/main/java/com/backend/backend/services/UserService.java:[38,49] cannot find symbol
[ERROR]   symbol:   method getUsername()
[ERROR]   location: variable updatedUser of type com.backend.backend.entity.User
[ERROR] /E:/SchoolManagementSystem/backend/src/main/java/com/backend/backend/services/UserService.java:[39,53] cannot find symbol
[ERROR]   symbol:   method getMobileNumber()
[ERROR]   location: variable updatedUser of type com.backend.backend.entity.User
[ERROR] /E:/SchoolManagementSystem/backend/src/main/java/com/backend/backend/services/AttendanceService.java:[35,57] cannot find symbol
[ERROR]   symbol:   method getDate()
[ERROR]   location: variable updatedAttendance of type com.backend.backend.entity.Attendance
[ERROR] /E:/SchoolManagementSystem/backend/src/main/java/com/backend/backend/services/AttendanceService.java:[36,59] cannot find symbol
[ERROR]   symbol:   method getStatus()
[ERROR]   location: variable updatedAttendance of type com.backend.backend.entity.Attendance
[ERROR] /E:/SchoolManagementSystem/backend/src/main/java/com/backend/backend/services/AttendanceService.java:[37,60] cannot find symbol
[ERROR]   symbol:   method getStudent()
[ERROR]   location: variable updatedAttendance of type com.backend.backend.entity.Attendance
[ERROR] -> [Help 1]
[ERROR] 
[ERROR] To see the full stack trace of the errors, re-run Maven with the -e switch.
[ERROR] Re-run Maven using the -X switch to enable full debug logging.
[ERROR] 
[ERROR] For more information about the errors and possible solutions, please read the following articles:
[ERROR] [Help 1] http://cwiki.apache.org/confluence/display/MAVEN/MojoFailureException
